// Jest Snapshot v1, https://goo.gl/fbAQLP

exports[`Bar renders correctly 1`] = `
.c0 {
  position: relative;
  display: -webkit-box;
  display: -webkit-flex;
  display: -ms-flexbox;
  display: flex;
  width: 100%;
}

.c1 {
  position: relative;
  background: red;
  height: 20px;
  width: 50%;
}

.c3 {
  position: relative;
  background: green;
  height: 20px;
  -webkit-box-flex: 1;
  -webkit-flex-grow: 1;
  -ms-flex-positive: 1;
  flex-grow: 1;
}

.c2 {
  position: absolute;
  top: 3px;
  text-transform: uppercase;
  font-size: 13px;
  left: 10px;
}

.c4 {
  position: absolute;
  top: 3px;
  text-transform: uppercase;
  font-size: 13px;
  right: 10px;
}

<div
  className="c0"
>
  <div
    className="c1"
    color="red"
    width="50%"
  />
  <div
    className="c2"
  >
    Hello
  </div>
  <div
    className="c3"
    color="green"
  />
  <div
    className="c4"
  >
    World
  </div>
</div>
`;
