// Jest Snapshot v1, https://goo.gl/fbAQLP

exports[`PositionIcon renders correctly 1`] = `
.c1 {
  display: -webkit-box;
  display: -webkit-flex;
  display: -ms-flexbox;
  display: flex;
  -webkit-flex-direction: column;
  -ms-flex-direction: column;
  flex-direction: column;
  -webkit-align-items: center;
  -webkit-box-align: center;
  -ms-flex-align: center;
  align-items: center;
  margin: 1px;
}

.c2 {
  background: #c5c5c5;
  height: 8px;
  width: 8px;
  border-radius: 50px;
}

.c3 {
  background: #c5c5c5;
  margin-top: 1px;
  width: 10.4px;
  height: 14.4px;
  border-top-left-radius: 8px;
  border-top-right-radius: 8px;
  border-bottom-right-radius: 4px;
  border-bottom-left-radius: 4px;
}

.c0 {
  display: -webkit-box;
  display: -webkit-flex;
  display: -ms-flexbox;
  display: flex;
  -webkit-box-pack: center;
  -webkit-justify-content: center;
  -ms-flex-pack: center;
  justify-content: center;
}

<div
  className="c0"
>
  <div
    className="c1"
  >
    <div
      className="c2"
    />
    <div
      className="c3"
    />
  </div>
  <div
    className="c1"
  >
    <div
      className="c2"
    />
    <div
      className="c3"
    />
  </div>
  <div
    className="c1"
  >
    <div
      className="c2"
    />
    <div
      className="c3"
    />
  </div>
</div>
`;
